W0813 17:26:59.614000 1667818 torch/distributed/run.py:766] 
W0813 17:26:59.614000 1667818 torch/distributed/run.py:766] *****************************************
W0813 17:26:59.614000 1667818 torch/distributed/run.py:766] Setting OMP_NUM_THREADS environment variable for each process to be 1 in default, to avoid your system being overloaded, please further tune the variable for optimal performance in your application as needed. 
W0813 17:26:59.614000 1667818 torch/distributed/run.py:766] *****************************************
NCCL version 2.26.2+cuda12.2
W0813 18:15:58.401000 1667818 torch/distributed/elastic/agent/server/api.py:719] Received 15 death signal, shutting down workers
Traceback (most recent call last):
  File "/home/zhouche/xiaohuab/.venv/bin/torchrun", line 10, in <module>
    sys.exit(main())
             ^^^^^^
  File "/home/zhouche/xiaohuab/.venv/lib/python3.11/site-packages/torch/distributed/elastic/multiprocessing/errors/__init__.py", line 355, in wrapper
    return f(*args, **kwargs)
           ^^^^^^^^^^^^^^^^^^
  File "/home/zhouche/xiaohuab/.venv/lib/python3.11/site-packages/torch/distributed/run.py", line 892, in main
    run(args)
  File "/home/zhouche/xiaohuab/.venv/lib/python3.11/site-packages/torch/distributed/run.py", line 883, in run
    elastic_launch(
  File "/home/zhouche/xiaohuab/.venv/lib/python3.11/site-packages/torch/distributed/launcher/api.py", line 139, in __call__
    return launch_agent(self._config, self._entrypoint, list(args))
           ^^^^^^^^^^^^^^^^^^^^^^^^^^^^^^^^^^^^^^^^^^^^^^^^^^^^^^^^
  File "/home/zhouche/xiaohuab/.venv/lib/python3.11/site-packages/torch/distributed/launcher/api.py", line 261, in launch_agent
    result = agent.run()
             ^^^^^^^^^^^
  File "/home/zhouche/xiaohuab/.venv/lib/python3.11/site-packages/torch/distributed/elastic/metrics/api.py", line 138, in wrapper
    result = f(*args, **kwargs)
             ^^^^^^^^^^^^^^^^^^
  File "/home/zhouche/xiaohuab/.venv/lib/python3.11/site-packages/torch/distributed/elastic/agent/server/api.py", line 711, in run
    result = self._invoke_run(role)
             ^^^^^^^^^^^^^^^^^^^^^^
  File "/home/zhouche/xiaohuab/.venv/lib/python3.11/site-packages/torch/distributed/elastic/agent/server/api.py", line 870, in _invoke_run
    time.sleep(monitor_interval)
  File "/home/zhouche/xiaohuab/.venv/lib/python3.11/site-packages/torch/distributed/elastic/multiprocessing/api.py", line 84, in _terminate_process_handler
    raise SignalException(f"Process {os.getpid()} got signal: {sigval}", sigval=sigval)
torch.distributed.elastic.multiprocessing.api.SignalException: Process 1667818 got signal: 15
